   Compiling crm-app v0.1.0 (/Users/karrad/projects/crm-010f2/backend/crates/crm-app)
   Compiling crm-api v0.1.0 (/Users/karrad/projects/crm-010f2/backend/crates/crm-api)
    Finished `test` profile [unoptimized + debuginfo] target(s) in 34.99s
     Running tests/all.rs (target/debug/deps/all-07593333edaca6c2)

running 18 tests
test db_activity_lifecycle::activity_atomic_result_failure_rolls_back_native_identity_and_ledgers ... ok
test db_activity_lifecycle::activity_authority_loss_retry_adoption_and_partial_cancel_preserve_boundary ... ok
test db_activity_lifecycle::activity_http_scope_strict_inputs_receipt_replay_and_all_held_replanning ... ok
test db_activity_lifecycle::activity_logs_have_positive_phase_controls_without_source_content ... FAILED
test db_activity_lifecycle::activity_native_equal_local_edits_tombstone_legacy_and_identity_missing ... ok
test db_activity_lifecycle::activity_private_db_permit_rejects_origin_token_and_wrong_target ... ok
test db_activity_lifecycle::activity_storage_pause_and_sibling_cancel_keep_independent_reservations ... ok
test db_activity_lifecycle::actual_activity_confirmation_waits_for_reader_and_overlapping_workers_settle_once ... ok
test db_activity_lifecycle::confirmed_activity_can_complete_with_zero_inserts_after_revalidation ... ok
test db_activity_lifecycle::expired_plan_and_real_release_report_reject_new_confirmation ... ok
test db_activity_review::exclusive_boundary_serializes_legacy_read_and_survives_zero_write_cancel ... ok
test db_activity_review::native_page_cursor_requires_refresh_after_activity_revision_changes ... ok
test db_activity_review::native_review_pages_traverse_large_notes_and_timed_undated_tasks ... ok
test db_activity_review::review_requires_current_admin_real_binding_and_exact_person_scope ... ok
test db_activity_source::activity_source_corrupt_evidence_pauses_before_native_writes ... ok
test db_activity_source::activity_source_holds_missing_details_and_all_task_variants_without_list_fallback ... ok
test db_activity_source::activity_source_imports_exact_notes_tasks_roles_and_confirmed_date_policy ... ok
test db_activity_source::activity_source_requires_both_exhausted_families_without_a_metadata_child ... ok

failures:

---- db_activity_lifecycle::activity_logs_have_positive_phase_controls_without_source_content stdout ----

thread 'db_activity_lifecycle::activity_logs_have_positive_phase_controls_without_source_content' (12884032) panicked at crates/crm-api/tests/db_activity_lifecycle.rs:812:5:
positive native note content control
note: run with `RUST_BACKTRACE=1` environment variable to display a backtrace


failures:
    db_activity_lifecycle::activity_logs_have_positive_phase_controls_without_source_content

test result: FAILED. 17 passed; 1 failed; 0 ignored; 0 measured; 990 filtered out; finished in 75.46s

error: test failed, to rerun pass `-p crm-api --test all`
