==> creating throwaway database
==> applying migrations (CLI migrator; no compilation required)
Applied 20260820000001/migrate initial identity schema (6.2975ms)
Applied 20260821000001/migrate stage (4.521542ms)
Applied 20260821000002/migrate person contact method (5.674333ms)
Applied 20260821000003/migrate raw payload (4.421792ms)
Applied 20260821000004/migrate inquiry and facts (20.317042ms)
Applied 20260822000001/migrate contact attempted (5.612375ms)
Applied 20260823000001/migrate administration (21.003208ms)
Applied 20260824000001/migrate operator ledger (6.963959ms)
Applied 20260825000001/migrate calls (6.89475ms)
Applied 20260826000001/migrate contact outcome correction (3.010125ms)
Applied 20260826000002/migrate call outcome indexes (3.093042ms)
Applied 20260827000001/migrate operator proposal (5.669333ms)
Applied 20260828000001/migrate organization intake address (5.937375ms)
Applied 20260829000001/migrate intake settings (3.693208ms)
Applied 20260830000001/migrate raw payload discard (3.728958ms)
Applied 20260901000001/migrate intake extraction (5.298042ms)
Applied 20260902000001/migrate intake token rotation (4.379542ms)
Applied 20260903000001/migrate intake routing mode (6.186417ms)
Applied 20260904000001/migrate correspondence capture (13.45025ms)
Applied 20260906000001/migrate saved list (6.185958ms)
Applied 20260906000002/migrate today work source (5.006125ms)
Applied 20260907000001/migrate saved list sort (3.434125ms)
Applied 20260908000001/migrate today system feed (8.012333ms)
Applied 20260909000001/migrate tag (6.203875ms)
Applied 20260910000001/migrate person last activity (5.46375ms)
Applied 20260911000001/migrate inquiry append only (2.378583ms)
Applied 20260912000001/migrate note (6.021ms)
Applied 20260913000001/migrate task (8.212166ms)
Applied 20260914000001/migrate operator task proposal (6.133375ms)
Applied 20260915000001/migrate custom field (8.502416ms)
Applied 20260916000001/migrate fub migration assessment (9.928166ms)
Applied 20260917000001/migrate fub core snapshot (21.399ms)
Applied 20260918000001/migrate fub people import (29.793334ms)
Applied 20260919000001/migrate fub metadata import (25.52225ms)
Applied 20260920000001/migrate fub activity import (24.160625ms)
==> preparing offline query cache (backend/.sqlx/)
    Checking crm-app v0.1.0 (/Users/karrad/projects/crm-010f2/backend/crates/crm-app)
    Checking crm-api v0.1.0 (/Users/karrad/projects/crm-010f2/backend/crates/crm-api)
    Finished `dev` profile [unoptimized + debuginfo] target(s) in 24.54s
query data written to .sqlx in the workspace root; please check this into version control
==> sqlx-prepare complete
