==> creating throwaway database
==> applying migrations (CLI migrator; no compilation required)
Applied 20260820000001/migrate initial identity schema (6.570958ms)
Applied 20260821000001/migrate stage (4.038917ms)
Applied 20260821000002/migrate person contact method (5.582208ms)
Applied 20260821000003/migrate raw payload (3.307667ms)
Applied 20260821000004/migrate inquiry and facts (13.847ms)
Applied 20260822000001/migrate contact attempted (4.564333ms)
Applied 20260823000001/migrate administration (16.17ms)
Applied 20260824000001/migrate operator ledger (5.7ms)
Applied 20260825000001/migrate calls (6.572792ms)
Applied 20260826000001/migrate contact outcome correction (2.697709ms)
Applied 20260826000002/migrate call outcome indexes (3.37175ms)
Applied 20260827000001/migrate operator proposal (4.714417ms)
Applied 20260828000001/migrate organization intake address (3.862041ms)
Applied 20260829000001/migrate intake settings (2.646917ms)
Applied 20260830000001/migrate raw payload discard (2.787875ms)
Applied 20260901000001/migrate intake extraction (5.168792ms)
Applied 20260902000001/migrate intake token rotation (4.929042ms)
Applied 20260903000001/migrate intake routing mode (3.477459ms)
Applied 20260904000001/migrate correspondence capture (12.353167ms)
Applied 20260906000001/migrate saved list (4.87975ms)
Applied 20260906000002/migrate today work source (3.68725ms)
Applied 20260907000001/migrate saved list sort (2.795125ms)
Applied 20260908000001/migrate today system feed (6.608791ms)
Applied 20260909000001/migrate tag (5.241708ms)
Applied 20260910000001/migrate person last activity (4.144541ms)
Applied 20260911000001/migrate inquiry append only (2.985ms)
Applied 20260912000001/migrate note (4.879375ms)
Applied 20260913000001/migrate task (6.309084ms)
Applied 20260914000001/migrate operator task proposal (5.043792ms)
Applied 20260915000001/migrate custom field (8.331083ms)
Applied 20260916000001/migrate fub migration assessment (10.065375ms)
Applied 20260917000001/migrate fub core snapshot (17.671333ms)
Applied 20260918000001/migrate fub people import (24.717042ms)
Applied 20260919000001/migrate fub metadata import (22.328667ms)
Applied 20260920000001/migrate fub activity import (22.384583ms)
==> preparing offline query cache (backend/.sqlx/)
    Checking crm-app v0.1.0 (/Users/karrad/projects/crm-010f2/backend/crates/crm-app)
    Checking crm-api v0.1.0 (/Users/karrad/projects/crm-010f2/backend/crates/crm-api)
    Finished `dev` profile [unoptimized + debuginfo] target(s) in 14.90s
query data written to .sqlx in the workspace root; please check this into version control
==> sqlx-prepare complete
