==> creating throwaway database
==> applying migrations (CLI migrator; no compilation required)
Applied 20260820000001/migrate initial identity schema (7.905833ms)
Applied 20260821000001/migrate stage (3.502334ms)
Applied 20260821000002/migrate person contact method (6.224875ms)
Applied 20260821000003/migrate raw payload (5.232833ms)
Applied 20260821000004/migrate inquiry and facts (16.927416ms)
Applied 20260822000001/migrate contact attempted (5.682584ms)
Applied 20260823000001/migrate administration (20.473333ms)
Applied 20260824000001/migrate operator ledger (6.582084ms)
Applied 20260825000001/migrate calls (7.329916ms)
Applied 20260826000001/migrate contact outcome correction (3.274208ms)
Applied 20260826000002/migrate call outcome indexes (3.395417ms)
Applied 20260827000001/migrate operator proposal (4.658542ms)
Applied 20260828000001/migrate organization intake address (3.479458ms)
Applied 20260829000001/migrate intake settings (3.337292ms)
Applied 20260830000001/migrate raw payload discard (3.230917ms)
Applied 20260901000001/migrate intake extraction (5.532875ms)
Applied 20260902000001/migrate intake token rotation (6.893208ms)
Applied 20260903000001/migrate intake routing mode (5.198667ms)
Applied 20260904000001/migrate correspondence capture (13.077834ms)
Applied 20260906000001/migrate saved list (4.669541ms)
Applied 20260906000002/migrate today work source (3.710542ms)
Applied 20260907000001/migrate saved list sort (6.371667ms)
Applied 20260908000001/migrate today system feed (13.148042ms)
Applied 20260909000001/migrate tag (4.882292ms)
Applied 20260910000001/migrate person last activity (4.852541ms)
Applied 20260911000001/migrate inquiry append only (2.67575ms)
Applied 20260912000001/migrate note (5.673ms)
Applied 20260913000001/migrate task (6.436958ms)
Applied 20260914000001/migrate operator task proposal (4.353625ms)
Applied 20260915000001/migrate custom field (8.476375ms)
Applied 20260916000001/migrate fub migration assessment (9.483833ms)
Applied 20260917000001/migrate fub core snapshot (17.786584ms)
Applied 20260918000001/migrate fub people import (28.265917ms)
Applied 20260919000001/migrate fub metadata import (24.310333ms)
Applied 20260920000001/migrate fub activity import (24.383083ms)
==> preparing offline query cache (backend/.sqlx/)
    Checking crm-app v0.1.0 (/Users/karrad/projects/crm-010f2/backend/crates/crm-app)
    Checking crm-operator v0.1.0 (/Users/karrad/projects/crm-010f2/backend/crates/crm-operator)
    Checking crm-api v0.1.0 (/Users/karrad/projects/crm-010f2/backend/crates/crm-api)
    Finished `dev` profile [unoptimized + debuginfo] target(s) in 47.00s
query data written to .sqlx in the workspace root; please check this into version control
==> sqlx-prepare complete
