==> creating throwaway database
==> applying migrations (CLI migrator; no compilation required)
Applied 20260820000001/migrate initial identity schema (10.111208ms)
Applied 20260821000001/migrate stage (4.338834ms)
Applied 20260821000002/migrate person contact method (5.570375ms)
Applied 20260821000003/migrate raw payload (3.669209ms)
Applied 20260821000004/migrate inquiry and facts (18.022375ms)
Applied 20260822000001/migrate contact attempted (4.852875ms)
Applied 20260823000001/migrate administration (17.842042ms)
Applied 20260824000001/migrate operator ledger (6.929792ms)
Applied 20260825000001/migrate calls (8.285375ms)
Applied 20260826000001/migrate contact outcome correction (3.486458ms)
Applied 20260826000002/migrate call outcome indexes (3.216792ms)
Applied 20260827000001/migrate operator proposal (5.316625ms)
Applied 20260828000001/migrate organization intake address (3.488042ms)
Applied 20260829000001/migrate intake settings (2.900125ms)
Applied 20260830000001/migrate raw payload discard (2.933125ms)
Applied 20260901000001/migrate intake extraction (5.7265ms)
Applied 20260902000001/migrate intake token rotation (4.981959ms)
Applied 20260903000001/migrate intake routing mode (4.530875ms)
Applied 20260904000001/migrate correspondence capture (12.362167ms)
Applied 20260906000001/migrate saved list (4.888833ms)
Applied 20260906000002/migrate today work source (4.659041ms)
Applied 20260907000001/migrate saved list sort (2.737541ms)
Applied 20260908000001/migrate today system feed (6.866792ms)
Applied 20260909000001/migrate tag (5.353791ms)
Applied 20260910000001/migrate person last activity (4.264708ms)
Applied 20260911000001/migrate inquiry append only (2.211458ms)
Applied 20260912000001/migrate note (5.171875ms)
Applied 20260913000001/migrate task (6.109834ms)
Applied 20260914000001/migrate operator task proposal (5.196208ms)
Applied 20260915000001/migrate custom field (8.116875ms)
Applied 20260916000001/migrate fub migration assessment (9.748708ms)
Applied 20260917000001/migrate fub core snapshot (18.168833ms)
Applied 20260918000001/migrate fub people import (26.957875ms)
==> preparing offline query cache (backend/.sqlx/)
    Checking crm-app v0.1.0 (/Users/karrad/projects/crm-worktrees/010c/backend/crates/crm-app)
    Checking crm-api v0.1.0 (/Users/karrad/projects/crm-worktrees/010c/backend/crates/crm-api)
    Finished `dev` profile [unoptimized + debuginfo] target(s) in 14.83s
query data written to .sqlx in the workspace root; please check this into version control
==> sqlx-prepare complete
