   Compiling proc-macro2 v1.0.107
   Compiling quote v1.0.47
   Compiling unicode-ident v1.0.24
   Compiling libc v0.2.189
   Compiling cfg-if v1.0.4
   Compiling version_check v0.9.5
   Compiling serde v1.0.229
   Compiling typenum v1.20.1
   Compiling serde_core v1.0.229
   Compiling find-msvc-tools v0.1.11
   Compiling shlex v2.0.1
   Compiling pin-project-lite v0.2.17
   Compiling icu_properties_data v2.3.0
   Compiling cc v1.4.3
   Compiling icu_normalizer_data v2.3.0
   Compiling generic-array v0.14.7
   Compiling subtle v2.6.1
   Compiling bytes v1.12.1
   Compiling futures-core v0.3.34
   Compiling itoa v1.0.18
   Compiling stable_deref_trait v1.2.1
   Compiling once_cell v1.21.4
   Compiling autocfg v1.5.1
   Compiling getrandom v0.2.17
   Compiling errno v0.3.14
   Compiling syn v3.0.3
   Compiling syn v2.0.119
   Compiling rand_core v0.6.4
   Compiling zerocopy v0.8.56
   Compiling log v0.4.33
   Compiling zmij v1.0.23
   Compiling num-traits v0.2.19
   Compiling signal-hook-registry v1.4.8
   Compiling socket2 v0.6.5
   Compiling mio v1.2.2
   Compiling ring v0.17.14
   Compiling crypto-common v0.1.7
   Compiling tracing-core v0.1.36
   Compiling serde_json v1.0.151
   Compiling futures-sink v0.3.34
   Compiling parking_lot_core v0.9.12
   Compiling zeroize v1.9.0
   Compiling rustls v0.23.43
   Compiling memchr v2.8.3
   Compiling percent-encoding v2.3.2
   Compiling block-buffer v0.10.4
   Compiling http v1.5.0
   Compiling litemap v0.8.3
   Compiling futures-task v0.3.34
   Compiling crossbeam-utils v0.8.22
   Compiling writeable v0.6.4
   Compiling futures-io v0.3.34
   Compiling slab v0.4.12
   Compiling digest v0.10.7
   Compiling utf8_iter v1.0.4
   Compiling thiserror v2.0.20
   Compiling futures-util v0.3.34
   Compiling rustls-pki-types v1.15.1
   Compiling httparse v1.10.1
   Compiling http-body v1.1.0
   Compiling form_urlencoded v1.2.2
   Compiling untrusted v0.9.0
   Compiling getrandom v0.4.3
   Compiling rand_core v0.10.1
   Compiling equivalent v1.0.2
   Compiling futures-channel v0.3.34
   Compiling tower-service v0.3.3
   Compiling base64 v0.22.1
   Compiling synstructure v0.13.2
   Compiling hashbrown v0.17.1
   Compiling scopeguard v1.2.0
   Compiling try-lock v0.2.5
   Compiling want v0.3.1
   Compiling lock_api v0.4.14
   Compiling indexmap v2.14.0
   Compiling serde_derive v1.0.229
   Compiling zerovec-derive v0.11.6
   Compiling displaydoc v0.2.7
   Compiling tokio-macros v2.7.2
   Compiling zerofrom-derive v0.1.7
   Compiling yoke-derive v0.8.2
   Compiling tracing-attributes v0.1.31
   Compiling tokio v1.53.1
   Compiling thiserror-impl v2.0.20
   Compiling zerofrom v0.1.8
   Compiling yoke v0.8.3
   Compiling zerovec v0.11.8
   Compiling tracing v0.1.44
   Compiling zerotrie v0.2.5
   Compiling tinystr v0.8.4
   Compiling potential_utf v0.1.6
   Compiling icu_collections v2.3.0
   Compiling icu_locale_core v2.3.0
   Compiling webpki-roots v1.0.9
   Compiling smallvec v1.15.2
   Compiling cpufeatures v0.2.17
   Compiling icu_provider v2.3.1
   Compiling sync_wrapper v1.0.2
   Compiling core-foundation-sys v0.8.7
   Compiling icu_properties v2.3.0
   Compiling icu_normalizer v2.3.0
   Compiling tower-layer v0.3.3
   Compiling foldhash v0.1.5
   Compiling httpdate v1.0.3
   Compiling allocator-api2 v0.2.21
   Compiling atomic-waker v1.1.2
   Compiling rustls-webpki v0.103.14
   Compiling idna_adapter v1.2.2
   Compiling tinyvec_macros v0.1.1
   Compiling idna v1.1.0
   Compiling tinyvec v1.12.0
   Compiling url v2.5.8
   Compiling hashbrown v0.15.5
   Compiling hyper v1.11.0
   Compiling iana-time-zone v0.1.65
   Compiling parking_lot v0.12.5
   Compiling ppv-lite86 v0.2.21
   Compiling uuid v1.24.1
   Compiling crc-catalog v2.5.0
   Compiling parking v2.2.1
   Compiling ipnet v2.12.1
   Compiling hyper-util v0.1.20
   Compiling event-listener v5.4.2
   Compiling crc v3.4.0
   Compiling sha2 v0.10.9
   Compiling tokio-stream v0.1.19
   Compiling rand_chacha v0.3.1
   Compiling webpki-roots v0.26.11
   Compiling crossbeam-queue v0.3.13
   Compiling futures-intrusive v0.5.0
   Compiling chrono v0.4.45
   Compiling hashlink v0.10.0
   Compiling tower v0.5.3
   Compiling unicode-normalization v0.1.25
   Compiling either v1.18.0
   Compiling hmac v0.12.1
   Compiling http-body-util v0.1.5
   Compiling hybrid-array v0.4.14
   Compiling unicode-properties v0.1.4
   Compiling ryu v1.0.23
   Compiling bitflags v2.13.1
   Compiling unicode-bidi v0.3.18
   Compiling serde_urlencoded v0.7.1
   Compiling hkdf v0.12.4
   Compiling stringprep v0.1.5
   Compiling rand v0.8.7
   Compiling atoi v2.0.0
   Compiling md-5 v0.10.6
   Compiling home v0.5.12
   Compiling whoami v1.6.1
   Compiling sqlx-core v0.8.6
   Compiling dotenvy v0.15.7
   Compiling byteorder v1.5.0
   Compiling cmov v0.5.4
   Compiling hex v0.4.3
   Compiling ctutils v0.4.2
   Compiling crypto-common v0.2.2
   Compiling block-buffer v0.12.1
   Compiling tokio-rustls v0.26.4
   Compiling inout v0.1.4
   Compiling num-conv v0.2.2
   Compiling const-oid v0.10.2
   Compiling heck v0.5.0
   Compiling time-core v0.1.9
   Compiling digest v0.11.3
   Compiling cipher v0.4.4
   Compiling time-macros v0.2.32
   Compiling sqlx-postgres v0.8.6
   Compiling hyper-rustls v0.27.9
   Compiling tower-http v0.6.11
   Compiling universal-hash v0.5.1
   Compiling cookie v0.18.2
   Compiling regex-syntax v0.8.11
   Compiling base64ct v1.8.3
   Compiling powerfmt v0.2.0
   Compiling deranged v0.5.8
   Compiling opaque-debug v0.3.1
   Compiling mime v0.3.17
   Compiling poly1305 v0.8.0
   Compiling axum-core v0.5.6
   Compiling time v0.3.55
   Compiling regex-automata v0.4.18
   Compiling reqwest v0.12.28
   Compiling password-hash v0.5.0
   Compiling chacha20 v0.9.1
   Compiling hashify v0.2.9
   Compiling sqlx-macros-core v0.8.6
   Compiling async-trait v0.1.92
   Compiling chacha20 v0.10.1
   Compiling blake2 v0.10.6
   Compiling serde_path_to_error v0.1.20
   Compiling aead v0.5.2
   Compiling cpufeatures v0.3.0
   Compiling matchit v0.8.4
   Compiling lazy_static v1.5.0
   Compiling chacha20poly1305 v0.10.1
   Compiling sha2 v0.11.0
   Compiling sharded-slab v0.1.7
   Compiling argon2 v0.5.3
   Compiling sqlx-macros v0.8.6
   Compiling axum v0.8.9
   Compiling rand v0.10.2
   Compiling mail-parser v0.11.8
   Compiling matchers v0.2.0
   Compiling sqlx v0.8.6
   Compiling hmac v0.13.0
   Compiling tracing-log v0.2.0
   Compiling thread_local v1.1.10
   Compiling base64 v0.23.1
   Compiling nu-ansi-term v0.50.3
   Compiling crm-app v0.1.0 (/Users/karrad/projects/crm/backend/crates/crm-app)
   Compiling tracing-subscriber v0.3.23
   Compiling crm-operator v0.1.0 (/Users/karrad/projects/crm/backend/crates/crm-operator)
   Compiling thiserror v1.0.69
   Compiling thiserror-impl v1.0.69
   Compiling axum-extra v0.12.6
   Compiling sha1 v0.10.6
   Compiling data-encoding v2.11.1
   Compiling utf-8 v0.7.6
   Compiling tungstenite v0.24.0
   Compiling tokio-tungstenite v0.24.0
   Compiling crm-api v0.1.0 (/Users/karrad/projects/crm/backend/crates/crm-api)
    Finished `release` profile [optimized] target(s) in 59.45s
  Executable tests/db_today_http_perf.rs (target/release/deps/db_today_http_perf-c716c187c104953f)
BUILD_EXIT=0
