same completed parent and retained capture binding
screenshot desktop-held-plan
screenshot mobile-128-digit-tag-occurrence
screenshot mobile-long-tag-occurrence
exact long source IDs and tag-label occurrences stay inspectable at390px
screenshot desktop-existing-field
explicit existing field choice
explicit existing option North
explicit existing option South
explicit existing option None
explicit tag, field and option mappings; no source requests
screenshot desktop-mappings
screenshot mobile-plan
screenshot desktop-large-field
screenshot mobile-large-field
source disconnected before metadata execution
screenshot desktop-confirmation
lost response replay used identical frozen request bytes
screenshot desktop-completed
parent People and original review hold unchanged
screenshot desktop-person-provenance
screenshot mobile-person-provenance
locator.waitFor: Timeout 15000ms exceeded.
Call log:
[2m  - waiting for getByRole('region', { name: 'Imported tags and custom fields', exact: true }).getByText(/^FUB 99999999999999999999999999999999999999999999999999999999999999999999999999999999999999999999999999999999999999999999999999999999 ·/) to be visible[22m
