==> creating throwaway database
==> applying migrations (CLI migrator; no compilation required)
Applied 20260820000001/migrate initial identity schema (7.784375ms)
Applied 20260821000001/migrate stage (5.478292ms)
Applied 20260821000002/migrate person contact method (5.695ms)
Applied 20260821000003/migrate raw payload (4.139209ms)
Applied 20260821000004/migrate inquiry and facts (11.740667ms)
Applied 20260822000001/migrate contact attempted (4.54875ms)
Applied 20260823000001/migrate administration (14.690584ms)
Applied 20260824000001/migrate operator ledger (5.463458ms)
Applied 20260825000001/migrate calls (7.053666ms)
Applied 20260826000001/migrate contact outcome correction (2.742625ms)
Applied 20260826000002/migrate call outcome indexes (2.770625ms)
Applied 20260827000001/migrate operator proposal (4.473041ms)
Applied 20260828000001/migrate organization intake address (3.093916ms)
Applied 20260829000001/migrate intake settings (3.041542ms)
Applied 20260830000001/migrate raw payload discard (2.735084ms)
Applied 20260901000001/migrate intake extraction (4.873084ms)
Applied 20260902000001/migrate intake token rotation (4.292792ms)
Applied 20260903000001/migrate intake routing mode (4.614125ms)
Applied 20260904000001/migrate correspondence capture (12.886167ms)
Applied 20260906000001/migrate saved list (5.1945ms)
Applied 20260906000002/migrate today work source (3.466791ms)
Applied 20260907000001/migrate saved list sort (2.840542ms)
Applied 20260908000001/migrate today system feed (6.095458ms)
Applied 20260909000001/migrate tag (4.93025ms)
Applied 20260910000001/migrate person last activity (4.651ms)
Applied 20260911000001/migrate inquiry append only (2.972458ms)
Applied 20260912000001/migrate note (5.578334ms)
Applied 20260913000001/migrate task (7.357291ms)
Applied 20260914000001/migrate operator task proposal (4.408833ms)
Applied 20260915000001/migrate custom field (7.565375ms)
Applied 20260916000001/migrate fub migration assessment (9.797959ms)
Applied 20260917000001/migrate fub core snapshot (18.619375ms)
Applied 20260918000001/migrate fub people import (28.4805ms)
Applied 20260919000001/migrate fub metadata import (26.067291ms)
==> preparing offline query cache (backend/.sqlx/)
    Checking crm-app v0.1.0 (/Users/karrad/projects/crm-010f1/backend/crates/crm-app)
    Checking crm-api v0.1.0 (/Users/karrad/projects/crm-010f1/backend/crates/crm-api)
    Finished `dev` profile [unoptimized + debuginfo] target(s) in 16.16s
query data written to .sqlx in the workspace root; please check this into version control
==> sqlx-prepare complete
