==> creating throwaway database
==> applying migrations (CLI migrator; no compilation required)
Applied 20260820000001/migrate initial identity schema (14.625542ms)
Applied 20260821000001/migrate stage (4.793958ms)
Applied 20260821000002/migrate person contact method (5.928333ms)
Applied 20260821000003/migrate raw payload (4.911584ms)
Applied 20260821000004/migrate inquiry and facts (19.844959ms)
Applied 20260822000001/migrate contact attempted (5.329209ms)
Applied 20260823000001/migrate administration (18.837834ms)
Applied 20260824000001/migrate operator ledger (7.523709ms)
Applied 20260825000001/migrate calls (8.823833ms)
Applied 20260826000001/migrate contact outcome correction (3.419917ms)
Applied 20260826000002/migrate call outcome indexes (4.199834ms)
Applied 20260827000001/migrate operator proposal (6.5075ms)
Applied 20260828000001/migrate organization intake address (4.208041ms)
Applied 20260829000001/migrate intake settings (3.162708ms)
Applied 20260830000001/migrate raw payload discard (3.798583ms)
Applied 20260901000001/migrate intake extraction (5.915666ms)
Applied 20260902000001/migrate intake token rotation (4.727834ms)
Applied 20260903000001/migrate intake routing mode (4.0115ms)
Applied 20260904000001/migrate correspondence capture (12.956375ms)
Applied 20260906000001/migrate saved list (5.095833ms)
Applied 20260906000002/migrate today work source (3.91025ms)
Applied 20260907000001/migrate saved list sort (2.658333ms)
Applied 20260908000001/migrate today system feed (7.545875ms)
Applied 20260909000001/migrate tag (5.816625ms)
Applied 20260910000001/migrate person last activity (4.42125ms)
Applied 20260911000001/migrate inquiry append only (3.434708ms)
Applied 20260912000001/migrate note (6.817959ms)
Applied 20260913000001/migrate task (6.513292ms)
Applied 20260914000001/migrate operator task proposal (4.727834ms)
Applied 20260915000001/migrate custom field (8.019708ms)
Applied 20260916000001/migrate fub migration assessment (10.121542ms)
Applied 20260917000001/migrate fub core snapshot (18.329958ms)
Applied 20260918000001/migrate fub people import (28.646833ms)
Applied 20260919000001/migrate fub metadata import (27.818ms)
Applied 20260920000001/migrate fub activity import (25.293167ms)
Applied 20260921000001/migrate fub history capture (15.635208ms)
==> preparing offline query cache (backend/.sqlx/)
    Checking crm-app v0.1.0 (/Users/karrad/projects/crm-worktrees/slice-010d1/backend/crates/crm-app)
    Checking crm-operator v0.1.0 (/Users/karrad/projects/crm-worktrees/slice-010d1/backend/crates/crm-operator)
    Checking crm-api v0.1.0 (/Users/karrad/projects/crm-worktrees/slice-010d1/backend/crates/crm-api)
    Finished `dev` profile [unoptimized + debuginfo] target(s) in 51.48s
query data written to .sqlx in the workspace root; please check this into version control
==> sqlx-prepare complete
