==> creating throwaway database
==> applying migrations (CLI migrator; no compilation required)
Applied 20260820000001/migrate initial identity schema (7.540542ms)
Applied 20260821000001/migrate stage (4.822708ms)
Applied 20260821000002/migrate person contact method (6.000792ms)
Applied 20260821000003/migrate raw payload (4.447625ms)
Applied 20260821000004/migrate inquiry and facts (19.634584ms)
Applied 20260822000001/migrate contact attempted (5.457875ms)
Applied 20260823000001/migrate administration (17.381167ms)
Applied 20260824000001/migrate operator ledger (6.804042ms)
Applied 20260825000001/migrate calls (6.600292ms)
Applied 20260826000001/migrate contact outcome correction (3.312167ms)
Applied 20260826000002/migrate call outcome indexes (3.401625ms)
Applied 20260827000001/migrate operator proposal (5.368792ms)
Applied 20260828000001/migrate organization intake address (5.241041ms)
Applied 20260829000001/migrate intake settings (3.481083ms)
Applied 20260830000001/migrate raw payload discard (4.087834ms)
Applied 20260901000001/migrate intake extraction (5.684417ms)
Applied 20260902000001/migrate intake token rotation (6.469334ms)
Applied 20260903000001/migrate intake routing mode (5.345666ms)
Applied 20260904000001/migrate correspondence capture (12.107041ms)
Applied 20260906000001/migrate saved list (6.284916ms)
Applied 20260906000002/migrate today work source (4.748167ms)
Applied 20260907000001/migrate saved list sort (3.615291ms)
Applied 20260908000001/migrate today system feed (6.744208ms)
Applied 20260909000001/migrate tag (5.279209ms)
Applied 20260910000001/migrate person last activity (4.657083ms)
Applied 20260911000001/migrate inquiry append only (4.080959ms)
Applied 20260912000001/migrate note (5.7945ms)
Applied 20260913000001/migrate task (6.552209ms)
Applied 20260914000001/migrate operator task proposal (5.738375ms)
Applied 20260915000001/migrate custom field (8.834167ms)
==> preparing offline query cache (backend/.sqlx/)
    Checking crm-app v0.1.0 (/Users/karrad/projects/crm-worktrees/019b/backend/crates/crm-app)
    Checking crm-api v0.1.0 (/Users/karrad/projects/crm-worktrees/019b/backend/crates/crm-api)
    Finished `dev` profile [unoptimized + debuginfo] target(s) in 29.82s
query data written to .sqlx in the workspace root; please check this into version control
==> sqlx-prepare complete
